Resetting state
test_arg1
Flow has completed
Debugger is exiting
